Analysis & Synthesis report for CPU
Tue Dec 03 18:02:43 2019
Quartus II 64-Bit Version 9.1 Build 350 03/24/2010 Service Pack 2 SJ Full Version


---------------------
; Table of Contents ;
---------------------
  1. Legal Notice
  2. Analysis & Synthesis Summary
  3. Analysis & Synthesis Settings
  4. Parallel Compilation
  5. Analysis & Synthesis Source Files Read
  6. Analysis & Synthesis Resource Usage Summary
  7. Analysis & Synthesis Resource Utilization by Entity
  8. Registers Removed During Synthesis
  9. General Register Statistics
 10. Parameter Settings for User Entity Instance: Register:regX
 11. Parameter Settings for User Entity Instance: Register:regY
 12. Parameter Settings for User Entity Instance: Register:regZ
 13. Parameter Settings for User Entity Instance: ULA:blockULA
 14. Parameter Settings for User Entity Instance: UC:blockUC
 15. Parameter Settings for User Entity Instance: Memory:blockMemory
 16. Port Connectivity Checks: "Memory:blockMemory"
 17. Port Connectivity Checks: "PC:blockPC"
 18. Analysis & Synthesis Messages



----------------
; Legal Notice ;
----------------
Copyright (C) 1991-2010 Altera Corporation
Your use of Altera Corporation's design tools, logic functions 
and other software and tools, and its AMPP partner logic 
functions, and any output files from any of the foregoing 
(including device programming or simulation files), and any 
associated documentation or information are expressly subject 
to the terms and conditions of the Altera Program License 
Subscription Agreement, Altera MegaCore Function License 
Agreement, or other applicable license agreement, including, 
without limitation, that your use is for the sole purpose of 
programming logic devices manufactured by Altera and sold by 
Altera or its authorized distributors.  Please refer to the 
applicable agreement for further details.



+-------------------------------------------------------------------------------+
; Analysis & Synthesis Summary                                                  ;
+-------------------------------+-----------------------------------------------+
; Analysis & Synthesis Status   ; Successful - Tue Dec 03 18:02:43 2019         ;
; Quartus II 64-Bit Version     ; 9.1 Build 350 03/24/2010 SP 2 SJ Full Version ;
; Revision Name                 ; CPU                                           ;
; Top-level Entity Name         ; CPU                                           ;
; Family                        ; Stratix II                                    ;
; Logic utilization             ; N/A                                           ;
;     Combinational ALUTs       ; 3                                             ;
;     Dedicated logic registers ; 4                                             ;
; Total registers               ; 4                                             ;
; Total pins                    ; 32                                            ;
; Total virtual pins            ; 0                                             ;
; Total block memory bits       ; 0                                             ;
; DSP block 9-bit elements      ; 0                                             ;
; Total PLLs                    ; 0                                             ;
; Total DLLs                    ; 0                                             ;
+-------------------------------+-----------------------------------------------+


+----------------------------------------------------------------------------------------------------------------------+
; Analysis & Synthesis Settings                                                                                        ;
+----------------------------------------------------------------------------+--------------------+--------------------+
; Option                                                                     ; Setting            ; Default Value      ;
+----------------------------------------------------------------------------+--------------------+--------------------+
; Top-level entity name                                                      ; CPU                ; CPU                ;
; Family name                                                                ; Stratix II         ; Stratix II         ;
; Use Generated Physical Constraints File                                    ; Off                ;                    ;
; Use smart compilation                                                      ; Off                ; Off                ;
; Enable parallel Assembler and TimeQuest Timing Analyzer during compilation ; On                 ; On                 ;
; Enable compact report table                                                ; Off                ; Off                ;
; Restructure Multiplexers                                                   ; Auto               ; Auto               ;
; Create Debugging Nodes for IP Cores                                        ; Off                ; Off                ;
; Preserve fewer node names                                                  ; On                 ; On                 ;
; Disable OpenCore Plus hardware evaluation                                  ; Off                ; Off                ;
; Verilog Version                                                            ; Verilog_2001       ; Verilog_2001       ;
; VHDL Version                                                               ; VHDL_1993          ; VHDL_1993          ;
; State Machine Processing                                                   ; Auto               ; Auto               ;
; Safe State Machine                                                         ; Off                ; Off                ;
; Extract Verilog State Machines                                             ; On                 ; On                 ;
; Extract VHDL State Machines                                                ; On                 ; On                 ;
; Ignore Verilog initial constructs                                          ; Off                ; Off                ;
; Iteration limit for constant Verilog loops                                 ; 5000               ; 5000               ;
; Iteration limit for non-constant Verilog loops                             ; 250                ; 250                ;
; Add Pass-Through Logic to Inferred RAMs                                    ; On                 ; On                 ;
; Parallel Synthesis                                                         ; On                 ; On                 ;
; DSP Block Balancing                                                        ; Auto               ; Auto               ;
; NOT Gate Push-Back                                                         ; On                 ; On                 ;
; Power-Up Don't Care                                                        ; On                 ; On                 ;
; Remove Redundant Logic Cells                                               ; Off                ; Off                ;
; Remove Duplicate Registers                                                 ; On                 ; On                 ;
; Ignore CARRY Buffers                                                       ; Off                ; Off                ;
; Ignore CASCADE Buffers                                                     ; Off                ; Off                ;
; Ignore GLOBAL Buffers                                                      ; Off                ; Off                ;
; Ignore ROW GLOBAL Buffers                                                  ; Off                ; Off                ;
; Ignore LCELL Buffers                                                       ; Off                ; Off                ;
; Ignore SOFT Buffers                                                        ; On                 ; On                 ;
; Limit AHDL Integers to 32 Bits                                             ; Off                ; Off                ;
; Optimization Technique                                                     ; Balanced           ; Balanced           ;
; Carry Chain Length                                                         ; 70                 ; 70                 ;
; Auto Carry Chains                                                          ; On                 ; On                 ;
; Auto Open-Drain Pins                                                       ; On                 ; On                 ;
; Perform WYSIWYG Primitive Resynthesis                                      ; Off                ; Off                ;
; Auto ROM Replacement                                                       ; On                 ; On                 ;
; Auto RAM Replacement                                                       ; On                 ; On                 ;
; Auto DSP Block Replacement                                                 ; On                 ; On                 ;
; Auto Shift Register Replacement                                            ; Auto               ; Auto               ;
; Auto Clock Enable Replacement                                              ; On                 ; On                 ;
; Strict RAM Replacement                                                     ; Off                ; Off                ;
; Allow Synchronous Control Signals                                          ; On                 ; On                 ;
; Force Use of Synchronous Clear Signals                                     ; Off                ; Off                ;
; Auto RAM Block Balancing                                                   ; On                 ; On                 ;
; Auto RAM to Logic Cell Conversion                                          ; Off                ; Off                ;
; Auto Resource Sharing                                                      ; Off                ; Off                ;
; Allow Any RAM Size For Recognition                                         ; Off                ; Off                ;
; Allow Any ROM Size For Recognition                                         ; Off                ; Off                ;
; Allow Any Shift Register Size For Recognition                              ; Off                ; Off                ;
; Use LogicLock Constraints during Resource Balancing                        ; On                 ; On                 ;
; Ignore translate_off and synthesis_off directives                          ; Off                ; Off                ;
; Timing-Driven Synthesis                                                    ; Off                ; Off                ;
; Show Parameter Settings Tables in Synthesis Report                         ; On                 ; On                 ;
; Ignore Maximum Fan-Out Assignments                                         ; Off                ; Off                ;
; Synchronization Register Chain Length                                      ; 2                  ; 2                  ;
; PowerPlay Power Optimization                                               ; Normal compilation ; Normal compilation ;
; HDL message level                                                          ; Level2             ; Level2             ;
; Suppress Register Optimization Related Messages                            ; Off                ; Off                ;
; Number of Removed Registers Reported in Synthesis Report                   ; 5000               ; 5000               ;
; Number of Inverted Registers Reported in Synthesis Report                  ; 100                ; 100                ;
; Clock MUX Protection                                                       ; On                 ; On                 ;
; Auto Gated Clock Conversion                                                ; Off                ; Off                ;
; Block Design Naming                                                        ; Auto               ; Auto               ;
; SDC constraint protection                                                  ; Off                ; Off                ;
; Synthesis Effort                                                           ; Auto               ; Auto               ;
; Shift Register Replacement - Allow Asynchronous Clear Signal               ; On                 ; On                 ;
; Analysis & Synthesis Message Level                                         ; Medium             ; Medium             ;
; Disable Register Merging Across Hierarchies                                ; Auto               ; Auto               ;
; Resource Aware Inference For Block RAM                                     ; On                 ; On                 ;
+----------------------------------------------------------------------------+--------------------+--------------------+


+------------------------------------------+
; Parallel Compilation                     ;
+----------------------------+-------------+
; Processors                 ; Number      ;
+----------------------------+-------------+
; Number detected on machine ; 4           ;
; Maximum allowed            ; 4           ;
;                            ;             ;
; Average used               ; 1.00        ;
; Maximum used               ; 1           ;
;                            ;             ;
; Usage by Processor         ; % Time Used ;
;     1 processor            ; 100.0%      ;
;     2-4 processors         ;   0.0%      ;
+----------------------------+-------------+


+-----------------------------------------------------------------------------------------------------------------------------+
; Analysis & Synthesis Source Files Read                                                                                      ;
+----------------------------------+-----------------+------------------------+-----------------------------------------------+
; File Name with User-Entered Path ; Used in Netlist ; File Type              ; File Name with Absolute Path                  ;
+----------------------------------+-----------------+------------------------+-----------------------------------------------+
; CPU.v                            ; yes             ; User Verilog HDL File  ; E:/Users/mcdag/Downloads/ProjetoSD/CPU.v      ;
; Memory.v                         ; yes             ; User Verilog HDL File  ; E:/Users/mcdag/Downloads/ProjetoSD/Memory.v   ;
; Register.v                       ; yes             ; User Verilog HDL File  ; E:/Users/mcdag/Downloads/ProjetoSD/Register.v ;
; ULA.v                            ; yes             ; User Verilog HDL File  ; E:/Users/mcdag/Downloads/ProjetoSD/ULA.v      ;
; UC.v                             ; yes             ; User Verilog HDL File  ; E:/Users/mcdag/Downloads/ProjetoSD/UC.v       ;
; PC.v                             ; yes             ; User Verilog HDL File  ; E:/Users/mcdag/Downloads/ProjetoSD/PC.v       ;
+----------------------------------+-----------------+------------------------+-----------------------------------------------+


+-------------------------------------------------------------------+
; Analysis & Synthesis Resource Usage Summary                       ;
+-----------------------------------------------+-------------------+
; Resource                                      ; Usage             ;
+-----------------------------------------------+-------------------+
; Estimated ALUTs Used                          ; 3                 ;
; Dedicated logic registers                     ; 4                 ;
;                                               ;                   ;
; Estimated ALUTs Unavailable                   ; 0                 ;
;                                               ;                   ;
; Total combinational functions                 ; 3                 ;
; Combinational ALUT usage by number of inputs  ;                   ;
;     -- 7 input functions                      ; 0                 ;
;     -- 6 input functions                      ; 0                 ;
;     -- 5 input functions                      ; 0                 ;
;     -- 4 input functions                      ; 0                 ;
;     -- <=3 input functions                    ; 3                 ;
;                                               ;                   ;
; Combinational ALUTs by mode                   ;                   ;
;     -- normal mode                            ; 3                 ;
;     -- extended LUT mode                      ; 0                 ;
;     -- arithmetic mode                        ; 0                 ;
;     -- shared arithmetic mode                 ; 0                 ;
;                                               ;                   ;
; Estimated ALUT/register pairs used            ; 4                 ;
;                                               ;                   ;
; Total registers                               ; 4                 ;
;     -- Dedicated logic registers              ; 4                 ;
;     -- I/O registers                          ; 0                 ;
;                                               ;                   ;
; Estimated ALMs:  partially or completely used ; 2                 ;
;                                               ;                   ;
; I/O pins                                      ; 32                ;
; Maximum fan-out node                          ; PC:blockPC|out[0] ;
; Maximum fan-out                               ; 11                ;
; Total fan-out                                 ; 25                ;
; Average fan-out                               ; 0.64              ;
+-----------------------------------------------+-------------------+


+-----------------------------------------------------------------------------------------------------------------------------------------------------------------------------------------------+
; Analysis & Synthesis Resource Utilization by Entity                                                                                                                                           ;
+----------------------------+-------------------+--------------+-------------------+--------------+---------+-----------+-----------+------+--------------+---------------------+--------------+
; Compilation Hierarchy Node ; LC Combinationals ; LC Registers ; Block Memory Bits ; DSP Elements ; DSP 9x9 ; DSP 18x18 ; DSP 36x36 ; Pins ; Virtual Pins ; Full Hierarchy Name ; Library Name ;
+----------------------------+-------------------+--------------+-------------------+--------------+---------+-----------+-----------+------+--------------+---------------------+--------------+
; |CPU                       ; 3 (0)             ; 4 (0)        ; 0                 ; 0            ; 0       ; 0         ; 0         ; 32   ; 0            ; |CPU                ; work         ;
;    |PC:blockPC|            ; 3 (3)             ; 3 (3)        ; 0                 ; 0            ; 0       ; 0         ; 0         ; 0    ; 0            ; |CPU|PC:blockPC     ; work         ;
;    |Register:regX|         ; 0 (0)             ; 1 (1)        ; 0                 ; 0            ; 0       ; 0         ; 0         ; 0    ; 0            ; |CPU|Register:regX  ;              ;
+----------------------------+-------------------+--------------+-------------------+--------------+---------+-----------+-----------+------+--------------+---------------------+--------------+
Note: For table entries with two numbers listed, the numbers in parentheses indicate the number of resources of the given type used by the specific entity alone. The numbers listed outside of parentheses indicate the total resources of the given type used by the specific entity and all of its sub-entities in the hierarchy.


+---------------------------------------------------------------------------------+
; Registers Removed During Synthesis                                              ;
+----------------------------------------+----------------------------------------+
; Register name                          ; Reason for Removal                     ;
+----------------------------------------+----------------------------------------+
; Register:regX|out[0..1,3]              ; Stuck at GND due to stuck port data_in ;
; Register:regZ|out[0..3]                ; Stuck at GND due to stuck port data_in ;
; Register:regY|out[0..3]                ; Stuck at GND due to stuck port data_in ;
; Total Number of Removed Registers = 11 ;                                        ;
+----------------------------------------+----------------------------------------+


+------------------------------------------------------+
; General Register Statistics                          ;
+----------------------------------------------+-------+
; Statistic                                    ; Value ;
+----------------------------------------------+-------+
; Total registers                              ; 4     ;
; Number of registers using Synchronous Clear  ; 0     ;
; Number of registers using Synchronous Load   ; 0     ;
; Number of registers using Asynchronous Clear ; 0     ;
; Number of registers using Asynchronous Load  ; 0     ;
; Number of registers using Clock Enable       ; 0     ;
; Number of registers using Preset             ; 0     ;
+----------------------------------------------+-------+


+------------------------------------------------------------+
; Parameter Settings for User Entity Instance: Register:regX ;
+----------------+-------+-----------------------------------+
; Parameter Name ; Value ; Type                              ;
+----------------+-------+-----------------------------------+
; HOLD           ; 00    ; Unsigned Binary                   ;
; LOAD           ; 01    ; Unsigned Binary                   ;
; SHIFTR         ; 10    ; Unsigned Binary                   ;
; RESET          ; 11    ; Unsigned Binary                   ;
+----------------+-------+-----------------------------------+
Note: In order to hide this table in the UI and the text report file, please set the "Show Parameter Settings Tables in Synthesis Report" option in "Analysis and Synthesis Settings -> More Settings" to "Off".


+------------------------------------------------------------+
; Parameter Settings for User Entity Instance: Register:regY ;
+----------------+-------+-----------------------------------+
; Parameter Name ; Value ; Type                              ;
+----------------+-------+-----------------------------------+
; HOLD           ; 00    ; Unsigned Binary                   ;
; LOAD           ; 01    ; Unsigned Binary                   ;
; SHIFTR         ; 10    ; Unsigned Binary                   ;
; RESET          ; 11    ; Unsigned Binary                   ;
+----------------+-------+-----------------------------------+
Note: In order to hide this table in the UI and the text report file, please set the "Show Parameter Settings Tables in Synthesis Report" option in "Analysis and Synthesis Settings -> More Settings" to "Off".


+------------------------------------------------------------+
; Parameter Settings for User Entity Instance: Register:regZ ;
+----------------+-------+-----------------------------------+
; Parameter Name ; Value ; Type                              ;
+----------------+-------+-----------------------------------+
; HOLD           ; 00    ; Unsigned Binary                   ;
; LOAD           ; 01    ; Unsigned Binary                   ;
; SHIFTR         ; 10    ; Unsigned Binary                   ;
; RESET          ; 11    ; Unsigned Binary                   ;
+----------------+-------+-----------------------------------+
Note: In order to hide this table in the UI and the text report file, please set the "Show Parameter Settings Tables in Synthesis Report" option in "Analysis and Synthesis Settings -> More Settings" to "Off".


+-----------------------------------------------------------+
; Parameter Settings for User Entity Instance: ULA:blockULA ;
+----------------+-------+----------------------------------+
; Parameter Name ; Value ; Type                             ;
+----------------+-------+----------------------------------+
; DC             ; 0     ; Unsigned Binary                  ;
; ADD            ; 1     ; Unsigned Binary                  ;
+----------------+-------+----------------------------------+
Note: In order to hide this table in the UI and the text report file, please set the "Show Parameter Settings Tables in Synthesis Report" option in "Analysis and Synthesis Settings -> More Settings" to "Off".


+---------------------------------------------------------+
; Parameter Settings for User Entity Instance: UC:blockUC ;
+----------------+-------+--------------------------------+
; Parameter Name ; Value ; Type                           ;
+----------------+-------+--------------------------------+
; CLR            ; 000   ; Unsigned Binary                ;
; LD1            ; 001   ; Unsigned Binary                ;
; LD2            ; 010   ; Unsigned Binary                ;
; LD3            ; 011   ; Unsigned Binary                ;
; DIV            ; 100   ; Unsigned Binary                ;
; DIS            ; 101   ; Unsigned Binary                ;
; RES            ; 110   ; Unsigned Binary                ;
; HOLD           ; 00    ; Unsigned Binary                ;
; LOAD           ; 01    ; Unsigned Binary                ;
; SHIFTR         ; 10    ; Unsigned Binary                ;
; RESET          ; 11    ; Unsigned Binary                ;
; DC             ; 0     ; Unsigned Binary                ;
; ADD            ; 1     ; Unsigned Binary                ;
+----------------+-------+--------------------------------+
Note: In order to hide this table in the UI and the text report file, please set the "Show Parameter Settings Tables in Synthesis Report" option in "Analysis and Synthesis Settings -> More Settings" to "Off".


+-----------------------------------------------------------------+
; Parameter Settings for User Entity Instance: Memory:blockMemory ;
+----------------+-------+----------------------------------------+
; Parameter Name ; Value ; Type                                   ;
+----------------+-------+----------------------------------------+
; A              ; 4     ; Signed Integer                         ;
; B              ; 2     ; Signed Integer                         ;
; CLR            ; 000   ; Unsigned Binary                        ;
; LD1            ; 001   ; Unsigned Binary                        ;
; LD2            ; 010   ; Unsigned Binary                        ;
; LD3            ; 011   ; Unsigned Binary                        ;
; DIV            ; 100   ; Unsigned Binary                        ;
; RES            ; 101   ; Unsigned Binary                        ;
; DIS            ; 110   ; Unsigned Binary                        ;
+----------------+-------+----------------------------------------+
Note: In order to hide this table in the UI and the text report file, please set the "Show Parameter Settings Tables in Synthesis Report" option in "Analysis and Synthesis Settings -> More Settings" to "Off".


+------------------------------------------------------------------------------------------------------------------------------------------------------------------------------------------------------+
; Port Connectivity Checks: "Memory:blockMemory"                                                                                                                                                       ;
+----------+--------+----------+-----------------------------------------------------------------------------------------------------------------------------------------------------------------------+
; Port     ; Type   ; Severity ; Details                                                                                                                                                               ;
+----------+--------+----------+-----------------------------------------------------------------------------------------------------------------------------------------------------------------------+
; selector ; Input  ; Warning  ; Input port expression (1 bits) is smaller than the input port (3 bits) it drives.  Extra input bit(s) "selector[2..1]" will be connected to GND.                      ;
; func     ; Output ; Warning  ; Output or bidir port (3 bits) is smaller than the port expression (4 bits) it drives.  The 1 most-significant bit(s) in the port expression will be connected to GND. ;
+----------+--------+----------+-----------------------------------------------------------------------------------------------------------------------------------------------------------------------+


+---------------------------------------------------------------------------------------------------------------------------------------------------+
; Port Connectivity Checks: "PC:blockPC"                                                                                                            ;
+------+--------+----------+------------------------------------------------------------------------------------------------------------------------+
; Port ; Type   ; Severity ; Details                                                                                                                ;
+------+--------+----------+------------------------------------------------------------------------------------------------------------------------+
; out  ; Output ; Warning  ; Output or bidir port (3 bits) is wider than the port expression (1 bits) it drives; bit(s) "out[2..1]" have no fanouts ;
+------+--------+----------+------------------------------------------------------------------------------------------------------------------------+


+-------------------------------+
; Analysis & Synthesis Messages ;
+-------------------------------+
Info: *******************************************************************
Info: Running Quartus II 64-Bit Analysis & Synthesis
    Info: Version 9.1 Build 350 03/24/2010 Service Pack 2 SJ Full Version
    Info: Processing started: Tue Dec 03 18:02:40 2019
Info: Command: quartus_map --read_settings_files=on --write_settings_files=off CPU -c CPU
Info: Parallel compilation is enabled and will use 4 of the 4 processors detected
Info: Found 1 design units, including 1 entities, in source file cpu.v
    Info: Found entity 1: CPU
Info: Found 1 design units, including 1 entities, in source file memory.v
    Info: Found entity 1: Memory
Info: Found 1 design units, including 1 entities, in source file register.v
    Info: Found entity 1: Register
Info: Found 1 design units, including 1 entities, in source file ula.v
    Info: Found entity 1: ULA
Info: Found 1 design units, including 1 entities, in source file uc.v
    Info: Found entity 1: UC
Info: Found 1 design units, including 1 entities, in source file pc.v
    Info: Found entity 1: PC
Warning (10236): Verilog HDL Implicit Net warning at CPU.v(21): created implicit net for "outPC"
Info: Elaborating entity "CPU" for the top level hierarchy
Info: Elaborating entity "Register" for hierarchy "Register:regX"
Info: Elaborating entity "ULA" for hierarchy "ULA:blockULA"
Info: Elaborating entity "UC" for hierarchy "UC:blockUC"
Warning (10270): Verilog HDL Case Statement warning at UC.v(20): incomplete case statement has no default case item
Warning (10240): Verilog HDL Always Construct warning at UC.v(20): inferring latch(es) for variable "tX", which holds its previous value in one or more paths through the always construct
Warning (10240): Verilog HDL Always Construct warning at UC.v(20): inferring latch(es) for variable "tY", which holds its previous value in one or more paths through the always construct
Warning (10240): Verilog HDL Always Construct warning at UC.v(20): inferring latch(es) for variable "tZ", which holds its previous value in one or more paths through the always construct
Warning (10240): Verilog HDL Always Construct warning at UC.v(20): inferring latch(es) for variable "tULA", which holds its previous value in one or more paths through the always construct
Info (10041): Inferred latch for "tULA" at UC.v(20)
Info (10041): Inferred latch for "tZ[0]" at UC.v(20)
Info (10041): Inferred latch for "tZ[1]" at UC.v(20)
Info (10041): Inferred latch for "tY[0]" at UC.v(20)
Info (10041): Inferred latch for "tY[1]" at UC.v(20)
Info (10041): Inferred latch for "tX[0]" at UC.v(20)
Info (10041): Inferred latch for "tX[1]" at UC.v(20)
Info: Elaborating entity "PC" for hierarchy "PC:blockPC"
Warning (10230): Verilog HDL assignment warning at PC.v(8): truncated value with size 32 to match size of target (3)
Info: Elaborating entity "Memory" for hierarchy "Memory:blockMemory"
Warning (10230): Verilog HDL assignment warning at Memory.v(27): truncated value with size 32 to match size of target (4)
Warning (10230): Verilog HDL assignment warning at Memory.v(33): truncated value with size 32 to match size of target (4)
Warning (10270): Verilog HDL Case Statement warning at Memory.v(16): incomplete case statement has no default case item
Warning (10240): Verilog HDL Always Construct warning at Memory.v(16): inferring latch(es) for variable "func", which holds its previous value in one or more paths through the always construct
Warning (10240): Verilog HDL Always Construct warning at Memory.v(16): inferring latch(es) for variable "value", which holds its previous value in one or more paths through the always construct
Info (10041): Inferred latch for "value[0]" at Memory.v(16)
Info (10041): Inferred latch for "value[1]" at Memory.v(16)
Info (10041): Inferred latch for "value[2]" at Memory.v(16)
Info (10041): Inferred latch for "value[3]" at Memory.v(16)
Info (10041): Inferred latch for "func[0]" at Memory.v(16)
Info (10041): Inferred latch for "func[1]" at Memory.v(16)
Info (10041): Inferred latch for "func[2]" at Memory.v(16)
Warning: Net is missing source, defaulting to GND
    Warning (12110): Net "memoryFunction[3]" is missing source, defaulting to GND
Warning: Net is missing source, defaulting to GND
    Warning (12110): Net "memoryFunction[3]" is missing source, defaulting to GND
Warning: Net is missing source, defaulting to GND
    Warning (12110): Net "memoryFunction[3]" is missing source, defaulting to GND
Warning: Net is missing source, defaulting to GND
    Warning (12110): Net "memoryFunction[3]" is missing source, defaulting to GND
Warning: Net is missing source, defaulting to GND
    Warning (12110): Net "memoryFunction[3]" is missing source, defaulting to GND
Warning: LATCH primitive "Memory:blockMemory|value[2]" is permanently enabled
Warning: LATCH primitive "Memory:blockMemory|func[0]" is permanently enabled
Warning: LATCH primitive "UC:blockUC|tZ[0]" is permanently enabled
Warning: LATCH primitive "UC:blockUC|tZ[1]" is permanently enabled
Warning: LATCH primitive "UC:blockUC|tY[0]" is permanently enabled
Warning: LATCH primitive "UC:blockUC|tY[1]" is permanently enabled
Warning: LATCH primitive "UC:blockUC|tX[1]" is permanently enabled
Warning: LATCH primitive "Memory:blockMemory|value[2]" is permanently enabled
Warning: LATCH primitive "Memory:blockMemory|func[0]" is permanently enabled
Warning: LATCH primitive "UC:blockUC|tULA" is permanently enabled
Warning: LATCH primitive "UC:blockUC|tZ[0]" is permanently enabled
Warning: LATCH primitive "UC:blockUC|tZ[1]" is permanently enabled
Warning: LATCH primitive "UC:blockUC|tY[0]" is permanently enabled
Warning: LATCH primitive "UC:blockUC|tY[1]" is permanently enabled
Warning: LATCH primitive "UC:blockUC|tX[1]" is permanently enabled
Warning: 2 hierarchies have connectivity warnings - see the Connectivity Checks report folder
Warning: Output pins are stuck at VCC or GND
    Warning (13410): Pin "outX[0]" is stuck at GND
    Warning (13410): Pin "outX[1]" is stuck at GND
    Warning (13410): Pin "outX[3]" is stuck at GND
    Warning (13410): Pin "outY[0]" is stuck at GND
    Warning (13410): Pin "outY[1]" is stuck at GND
    Warning (13410): Pin "outY[2]" is stuck at GND
    Warning (13410): Pin "outY[3]" is stuck at GND
    Warning (13410): Pin "outZ[0]" is stuck at GND
    Warning (13410): Pin "outZ[1]" is stuck at GND
    Warning (13410): Pin "outZ[2]" is stuck at GND
    Warning (13410): Pin "outZ[3]" is stuck at GND
    Warning (13410): Pin "outULA[0]" is stuck at GND
    Warning (13410): Pin "outULA[1]" is stuck at GND
    Warning (13410): Pin "outULA[2]" is stuck at GND
    Warning (13410): Pin "outULA[3]" is stuck at GND
    Warning (13410): Pin "tX[0]" is stuck at VCC
    Warning (13410): Pin "tULA" is stuck at GND
    Warning (13410): Pin "memoryValue[0]" is stuck at GND
    Warning (13410): Pin "memoryValue[1]" is stuck at GND
    Warning (13410): Pin "memoryValue[3]" is stuck at GND
    Warning (13410): Pin "memoryFunction[1]" is stuck at GND
    Warning (13410): Pin "memoryFunction[2]" is stuck at GND
    Warning (13410): Pin "memoryFunction[3]" is stuck at GND
Info: Implemented 36 device resources after synthesis - the final resource count might be different
    Info: Implemented 1 input pins
    Info: Implemented 31 output pins
    Info: Implemented 4 logic cells
Info: Quartus II 64-Bit Analysis & Synthesis was successful. 0 errors, 62 warnings
    Info: Peak virtual memory: 4425 megabytes
    Info: Processing ended: Tue Dec 03 18:02:43 2019
    Info: Elapsed time: 00:00:03
    Info: Total CPU time (on all processors): 00:00:01


