--------------------------------------------------------------------------------------
Timing Analyzer Summary
--------------------------------------------------------------------------------------

Type           : Worst-case tco
Slack          : N/A
Required Time  : None
Actual Time    : 15.093 ns
From           : UC:blockUC|tULA
To             : outULA[2]
From Clock     : clk
To Clock       : --
Failed Paths   : 0

Type           : Clock Setup: 'clk'
Slack          : N/A
Required Time  : None
Actual Time    : 87.23 MHz ( period = 11.464 ns )
From           : UC:blockUC|tULA
To             : Register:regY|out[1]
From Clock     : clk
To Clock       : clk
Failed Paths   : 0

Type           : Clock Hold: 'clk'
Slack          : Not operational: Clock Skew > Data Delay
Required Time  : None
Actual Time    : N/A
From           : PC:blockPC|out[2]
To             : Memory:blockMemory|func[2]
From Clock     : clk
To Clock       : clk
Failed Paths   : 25

Type           : Total number of failed paths
Slack          : 
Required Time  : 
Actual Time    : 
From           : 
To             : 
From Clock     : 
To Clock       : 
Failed Paths   : 25

--------------------------------------------------------------------------------------

